%!Adobe-FontList 1.13
%Locale:0x809

%BeginFont
Handler:DirectoryHandler
FontType:Invalid
OutlineFileName:C:\Users\Hasan\Desktop\Font\futurastd-bold-webfont.eot
FileModTime:1330709423
%EndFont

%BeginFont
Handler:DirectoryHandler
FontType:Invalid
OutlineFileName:C:\Users\Hasan\Desktop\Font\futurastd-bold-webfont.svg
FileModTime:1330709423
%EndFont

%BeginFont
Handler:DirectoryHandler
FontType:TrueType
FontName:FuturaStd-Bold
FamilyName:Futura Std
StyleName:Bold
FullName:Futura Std Bold
MenuName:Futura Std
StyleBits:2
WritingScript:Roman
OutlineFileName:C:\Users\Hasan\Desktop\Font\futurastd-bold-webfont.ttf
DataFormat:sfntData
FileLength:41284
FileModTime:1330709423
WeightClass:700
WidthClass:5
AngleClass:0
%EndFont

%BeginFont
Handler:DirectoryHandler
FontType:Invalid
OutlineFileName:C:\Users\Hasan\Desktop\Font\futurastd-bold-webfont.woff
FileModTime:1330709423
%EndFont

%BeginFont
Handler:DirectoryHandler
FontType:Invalid
OutlineFileName:C:\Users\Hasan\Desktop\Font\FuturaStdBold-demo.html
FileModTime:1330709423
%EndFont

%BeginFont
Handler:DirectoryHandler
FontType:Invalid
OutlineFileName:C:\Users\Hasan\Desktop\Font\stylesheet.css
FileModTime:1330709458
%EndFont

%BeginFont
Handler:DirectoryHandler
FontType:Invalid
OutlineFileName:C:\Users\Hasan\Desktop\Font\specimen_files\easytabs.js
FileModTime:1330709416
%EndFont

%BeginFont
Handler:DirectoryHandler
FontType:Invalid
OutlineFileName:C:\Users\Hasan\Desktop\Font\specimen_files\grid_12-825-55-15.css
FileModTime:1330709416
%EndFont

%BeginFont
Handler:DirectoryHandler
FontType:Invalid
OutlineFileName:C:\Users\Hasan\Desktop\Font\specimen_files\specimen_stylesheet.css
FileModTime:1330709416
%EndFont

